No unused `.approved.` files found.

No files were deleted.
