Mismatched file found.
Updating:
  - a.approved.txt

Approved 1 file.
